s3# conf t
s3(config)# router bgp 300
s3(config-router)# ni^?e^C^C

s3(config-router)# neighbor 1.1.1.2 remote-as 100
s3(config-router)# neighbor 4.4.4.1 remote-as 200
s3(config-router)# network 1.0.0.0 
s3(config-router)# network 4.0.0.0
s3(config-router)# network 10.0.0.0
s3(config-router)# exit
s3(config)# exit
s3# show ip bgp
BGP table version is 0, local router ID is 192.168.19.4
Status codes: s suppressed, d damped, h history, * valid, > best, = multipath,
              i internal, r RIB-failure, S Stale, R Removed
Origin codes: i - IGP, e - EGP, ? - incomplete

   Network          Next Hop            Metric LocPrf Weight Path
*> 1.0.0.0          0.0.0.0                  0         32768 i
*> 4.0.0.0          0.0.0.0                  0         32768 i
*> 10.0.0.0         0.0.0.0                  0         32768 i

Displayed  3 out of 3 total prefixes
s3# exit
containernet> s1 vtysh

Hello, this is Quagga (version 1.2.4).
Copyright 1996-2005 Kunihiro Ishiguro, et al.

s1# route\^?^?^?^?^?^C^C

s1# conf t
s1(config)# router bgp 2^C^C

s1(config)# 
s1(config)# router bgp 100
s1(config-router)# neighbor 1.1.1.1 remote-as 300
s1(config-router)# neighbor 2.2.2.2 remote-as 500
s1(config-router)# network 100^C^C

s1(config-router)# netwr^C^C
^C^C

s1(config-router)# network 1.0.0.0
s1(config-router)# nw^C^C
^C^C

s1(config-router)# network 2.0.0.0
s1(config-router)# ne^C^C
^C^C
^C^C
exit
s1(config)# exit
s1# show ip bgp
BGP table version is 0, local router ID is 192.168.19.2
Status codes: s suppressed, d damped, h history, * valid, > best, = multipath,
              i internal, r RIB-failure, S Stale, R Removed
Origin codes: i - IGP, e - EGP, ? - incomplete

   Network          Next Hop            Metric LocPrf Weight Path
*> 1.0.0.0          0.0.0.0                  0         32768 i
*                   1.1.1.1                  0             0 300 i
*> 2.0.0.0          0.0.0.0                  0         32768 i
*> 4.0.0.0          1.1.1.1                  0             0 300 i
*> 10.0.0.0         1.1.1.1                  0             0 300 i

Displayed  4 out of 5 total prefixes
s1# exit
containernet> s5 vtysh

Hello, this is Quagga (version 1.2.4).
Copyright 1996-2005 Kunihiro Ishiguro, et al.

s5# r^?^C^C
^C^C

s5# conf t
s5(config)# router bgp 500
s5(config-router)# neighbor 2.2.2.1 remote-as 100
s5(config-router)# neighbor 5.5.5.2 remote-as 400
s5(config-router)# network 2.0.0.0
s5(config-router)# netwi^C^C
^C^C

s5(config-router)# network 5.0.0.0
s5(config-router)# 
s5(config-router)# 
s5(config-router)# 
s5(config-router)# exit
s5(config)# exit
s5# how ^C^C
^C^C

s5# show u^C^C
^C^C

s5# show ip bgp
BGP table version is 0, local router ID is 192.168.19.6
Status codes: s suppressed, d damped, h history, * valid, > best, = multipath,
              i internal, r RIB-failure, S Stale, R Removed
Origin codes: i - IGP, e - EGP, ? - incomplete

   Network          Next Hop            Metric LocPrf Weight Path
*> 2.0.0.0          0.0.0.0                  0         32768 i
*> 5.0.0.0          0.0.0.0                  0         32768 i

Displayed  2 out of 2 total prefixes
s5# s4 \\^C^C
^C^C
^C^C
^C^C
exit
containernet> s4 vtysh

Hello, this is Quagga (version 1.2.4).
Copyright 1996-2005 Kunihiro Ishiguro, et al.

s4# exit
containernet> s3 vtysh

Hello, this is Quagga (version 1.2.4).
Copyright 1996-2005 Kunihiro Ishiguro, et al.

s3# show ip bgp
BGP table version is 0, local router ID is 192.168.19.4
Status codes: s suppressed, d damped, h history, * valid, > best, = multipath,
              i internal, r RIB-failure, S Stale, R Removed
Origin codes: i - IGP, e - EGP, ? - incomplete

   Network          Next Hop            Metric LocPrf Weight Path
*  1.0.0.0          1.1.1.2                  0             0 100 i
*>                  0.0.0.0                  0         32768 i
*> 2.0.0.0          1.1.1.2                  0             0 100 i
*> 4.0.0.0          0.0.0.0                  0         32768 i
*> 10.0.0.0         0.0.0.0                  0         32768 i

Displayed  4 out of 5 total prefixes
s3# exit
containernet> show ip bgp
*** Unknown command: show ip bgp
containernet> s4 vtysh

Hello, this is Quagga (version 1.2.4).
Copyright 1996-2005 Kunihiro Ishiguro, et al.

s4# sg^?^?^C^C
^C^C

s4# 
s4# show ^C^C
^C^C
^C^C
^C^C

s4# 
s4# s4^?^?^C^C
^C^C
^C^C

s4# 
s4# r^C^C
^C^C

s4# conf t
s4(config)# routre ^C^C
^C^C

s4(config)# 
s4(config)# router bgp 400
s4(config-router)# neighbor 5.5.5.1 remote-as 500
s4(config-router)# neighbor 3.3.3.2 remote-as 2-
% Unknown command.
s4(config-router)# 
s4(config-router)# neighbor 3.3.3.2 remote-as 200
s4(config-router)# network 5.5.5.^C^C
^C^C
^C^C

s4(config-router)# network 5.0.0.0
s4(config-router)# network 3.0.0.0
s4(config-router)# network 30.0.0.0
s4(config-router)# exit
s4(config)# exit
s4# show ip bgp
BGP table version is 0, local router ID is 192.168.19.5
Status codes: s suppressed, d damped, h history, * valid, > best, = multipath,
              i internal, r RIB-failure, S Stale, R Removed
Origin codes: i - IGP, e - EGP, ? - incomplete

   Network          Next Hop            Metric LocPrf Weight Path
*> 2.0.0.0          5.5.5.1                  0             0 500 i
*> 3.0.0.0          0.0.0.0                  0         32768 i
*> 5.0.0.0          0.0.0.0                  0         32768 i
*                   5.5.5.1                  0             0 500 i
*> 30.0.0.0         0.0.0.0                  0         32768 i

Displayed  4 out of 5 total prefixes
s4# exit
containernet> s2 vtysh

Hello, this is Quagga (version 1.2.4).
Copyright 1996-2005 Kunihiro Ishiguro, et al.

s2# conf t
s2(config)# route r^C^C
^C^C

s2(config)# router bgp 200
s2(config-router)# neighbor 4.4.4.2 remote-as 3--^C^C
^C^C

s2(config-router)# 
s2(config-router)# neighbor 4.4.4.2 remote-as 300
s2(config-router)# neighbor 3.3.3.1 remote-as 400
s2(config-router)# network 4.0.0.0
s2(config-router)# network 3.0.0.0
s2(config-router)# 
s2(config-router)# exit
s2(config)# exit
s2# show ip bgp
BGP table version is 0, local router ID is 192.168.19.3
Status codes: s suppressed, d damped, h history, * valid, > best, = multipath,
              i internal, r RIB-failure, S Stale, R Removed
Origin codes: i - IGP, e - EGP, ? - incomplete

   Network          Next Hop            Metric LocPrf Weight Path
*> 1.0.0.0          4.4.4.2                  0             0 300 i
*  2.0.0.0          3.3.3.1                                0 400 500 i
*>                  4.4.4.2                                0 300 100 i
*> 3.0.0.0          0.0.0.0                  0         32768 i
*                   3.3.3.1                  0             0 400 i
*> 4.0.0.0          0.0.0.0                  0         32768 i
*                   4.4.4.2                  0             0 300 i
*> 5.0.0.0          3.3.3.1                  0             0 400 i
*> 10.0.0.0         4.4.4.2                  0             0 300 i
*> 30.0.0.0         3.3.3.1                  0             0 400 i

Displayed  7 out of 10 total prefixes
s2# exit
containernet> s3 vtysh

Hello, this is Quagga (version 1.2.4).
Copyright 1996-2005 Kunihiro Ishiguro, et al.

s3# show ip bgp
BGP table version is 0, local router ID is 192.168.19.4
Status codes: s suppressed, d damped, h history, * valid, > best, = multipath,
              i internal, r RIB-failure, S Stale, R Removed
Origin codes: i - IGP, e - EGP, ? - incomplete

   Network          Next Hop            Metric LocPrf Weight Path
*  1.0.0.0          1.1.1.2                  0             0 100 i
*>                  0.0.0.0                  0         32768 i
*> 2.0.0.0          1.1.1.2                  0             0 100 i
*> 3.0.0.0          4.4.4.1                  0             0 200 i
*  4.0.0.0          4.4.4.1                  0             0 200 i
*>                  0.0.0.0                  0         32768 i
*> 5.0.0.0          4.4.4.1                                0 200 400 i
*> 10.0.0.0         0.0.0.0                  0         32768 i
*> 30.0.0.0         4.4.4.1                                0 200 400 i

Displayed  7 out of 9 total prefixes
s3# exit
containernet> s4 vtysh

Hello, this is Quagga (version 1.2.4).
Copyright 1996-2005 Kunihiro Ishiguro, et al.

s4# sho ^?w ^?^C^C
^C^C

s4# show ip bgp
BGP table version is 0, local router ID is 192.168.19.5
Status codes: s suppressed, d damped, h history, * valid, > best, = multipath,
              i internal, r RIB-failure, S Stale, R Removed
Origin codes: i - IGP, e - EGP, ? - incomplete

   Network          Next Hop            Metric LocPrf Weight Path
*> 1.0.0.0          3.3.3.2                                0 200 300 i
*  2.0.0.0          3.3.3.2                                0 200 300 100 i
*>                  5.5.5.1                  0             0 500 i
*  3.0.0.0          3.3.3.2                  0             0 200 i
*>                  0.0.0.0                  0         32768 i
*> 4.0.0.0          3.3.3.2                  0             0 200 i
*> 5.0.0.0          0.0.0.0                  0         32768 i
*                   5.5.5.1                  0             0 500 i
*> 10.0.0.0         3.3.3.2                                0 200 300 i
*> 30.0.0.0         0.0.0.0                  0         32768 i


